V3 3
FL C:/Users/podonoghue/Documents/Development/CPLD_Programmer/TestProgram/TopLevel.vhd 2019/12/16.15:24:59 P.20131013
EN work/TopLevel 1576470410 \
      FL C:/Users/podonoghue/Documents/Development/CPLD_Programmer/TestProgram/TopLevel.vhd \
      PB ieee/std_logic_1164 1381692176
AR work/TopLevel/Behavioral 1576470411 \
      FL C:/Users/podonoghue/Documents/Development/CPLD_Programmer/TestProgram/TopLevel.vhd \
      EN work/TopLevel 1576470410
